<?xml version="1.0" encoding="UTF-8"?>
<TestRun id="08c10a59-6417-4cf4-9271-b73074a804a4" name="rodrigo@RODRIGOCOMPUTER 2013-05-31 11:14:53" runUser="RMMSOFTWARE\rodrigo" xmlns="http://microsoft.com/schemas/VisualStudio/TeamTest/2010">
  <TestSettings name="Local" id="41b9144d-3cf9-4ec6-9945-27c0481f82ab">
    <Description>These are default test settings for a local test run.</Description>
    <Deployment enabled="false" runDeploymentRoot="rodrigo_RODRIGOCOMPUTER 2013-05-31 11_14_53">
      <DeploymentItem filename="C:\Dados\RMMSoftware\Clientes\BioForLife\Documento integração Otis\Exemplos\UPDIntegration\UPDIntegration\bin\Release\UDPIntegration.dll" />
      <DeploymentItem filename="C:\Dados\RMMSoftware\Clientes\BioForLife\Documento integração Otis\Exemplos\UPDIntegration\packages\Moq.4.0.10827\lib\NET40\Moq.dll" />
    </Deployment>
    <Execution>
      <TestTypeSpecific />
      <AgentRule name="Execution Agents">
      </AgentRule>
    </Execution>
  </TestSettings>
  <Times creation="2013-05-31T11:14:53.2169093-03:00" queuing="2013-05-31T11:14:57.0881308-03:00" start="2013-05-31T11:14:57.2811418-03:00" finish="2013-05-31T11:15:14.9701536-03:00" />
  <ResultSummary outcome="Failed">
    <Counters total="1" executed="1" error="0" failed="1" timeout="0" aborted="0" inconclusive="0" passedButRunAborted="0" notRunnable="0" notExecuted="0" disconnected="0" warning="0" passed="0" completed="0" inProgress="0" pending="0" />
  </ResultSummary>
  <TestDefinitions>
    <UnitTest name="testSendMessageWithoutConnectionReturnException" storage="c:\dados\rmmsoftware\clientes\bioforlife\documento integração otis\exemplos\updintegration\updintegration_unittest\bin\release\udpintegration_unittest.dll" id="e8bfa6bf-9df6-c082-0d90-44c01df1ef03">
      <Execution id="09fdc515-d792-4d73-a453-e349132d2d2a" />
      <TestMethod codeBase="C:/Dados/RMMSoftware/Clientes/BioForLife/Documento integração Otis/Exemplos/UPDIntegration/UPDIntegration_UnitTest/bin/Release/UDPIntegration_UnitTest.DLL" adapterTypeName="Microsoft.VisualStudio.TestTools.TestTypes.Unit.UnitTestAdapter, Microsoft.VisualStudio.QualityTools.Tips.UnitTest.Adapter, Version=10.0.0.0, Culture=neutral, PublicKeyToken=b03f5f7f11d50a3a" className="UPDIntegration_UnitTest.UdpTest, UDPIntegration_UnitTest, Version=1.0.0.0, Culture=neutral, PublicKeyToken=null" name="testSendMessageWithoutConnectionReturnException" />
    </UnitTest>
  </TestDefinitions>
  <TestLists>
    <TestList name="Results Not in a List" id="8c84fa94-04c1-424b-9868-57a2d4851a1d" />
    <TestList name="All Loaded Results" id="19431567-8539-422a-85d7-44ee4e166bda" />
  </TestLists>
  <TestEntries>
    <TestEntry testId="e8bfa6bf-9df6-c082-0d90-44c01df1ef03" executionId="09fdc515-d792-4d73-a453-e349132d2d2a" testListId="8c84fa94-04c1-424b-9868-57a2d4851a1d" />
  </TestEntries>
  <Results>
    <UnitTestResult executionId="09fdc515-d792-4d73-a453-e349132d2d2a" testId="e8bfa6bf-9df6-c082-0d90-44c01df1ef03" testName="testSendMessageWithoutConnectionReturnException" computerName="RODRIGOCOMPUTER" duration="00:00:15.9445738" startTime="2013-05-31T11:14:57.5441569-03:00" endTime="2013-05-31T11:15:14.8891489-03:00" testType="13cdc9d9-ddb5-4fa4-a97d-d965ccfc6d4b" outcome="Failed" testListId="8c84fa94-04c1-424b-9868-57a2d4851a1d" relativeResultsDirectory="09fdc515-d792-4d73-a453-e349132d2d2a">
      <Output>
        <ErrorInfo>
          <Message>Test method UPDIntegration_UnitTest.UdpTest.testSendMessageWithoutConnectionReturnException did not throw expected exception System.Exception.</Message>
        </ErrorInfo>
      </Output>
    </UnitTestResult>
  </Results>
</TestRun>