<?xml version="1.0" encoding="UTF-8"?>
<TestRun id="1d28bd91-8c51-4a6e-b750-24363be5548a" name="rodrigo@RODRIGOCOMPUTER 2013-05-31 11:15:16" runUser="RMMSOFTWARE\rodrigo" xmlns="http://microsoft.com/schemas/VisualStudio/TeamTest/2010">
  <TestSettings name="Local" id="41b9144d-3cf9-4ec6-9945-27c0481f82ab">
    <Description>These are default test settings for a local test run.</Description>
    <Deployment enabled="false" runDeploymentRoot="rodrigo_RODRIGOCOMPUTER 2013-05-31 11_15_16">
      <DeploymentItem filename="C:\Dados\RMMSoftware\Clientes\BioForLife\Documento integração Otis\Exemplos\UPDIntegration\UPDIntegration\bin\Release\UDPIntegration.dll" />
      <DeploymentItem filename="C:\Dados\RMMSoftware\Clientes\BioForLife\Documento integração Otis\Exemplos\UPDIntegration\packages\Moq.4.0.10827\lib\NET40\Moq.dll" />
    </Deployment>
    <Execution>
      <TestTypeSpecific />
      <AgentRule name="Execution Agents">
      </AgentRule>
    </Execution>
  </TestSettings>
  <Times creation="2013-05-31T11:15:16.8182593-03:00" queuing="2013-05-31T11:15:18.2523413-03:00" start="2013-05-31T11:15:18.4653535-03:00" finish="2013-05-31T11:15:48.3810646-03:00" />
  <ResultSummary outcome="Error">
    <Counters total="1" executed="1" error="0" failed="0" timeout="0" aborted="1" inconclusive="0" passedButRunAborted="0" notRunnable="0" notExecuted="0" disconnected="0" warning="0" passed="0" completed="0" inProgress="0" pending="0" />
    <RunInfos>
      <RunInfo computerName="RODRIGOCOMPUTER" outcome="Error" timestamp="2013-05-31T11:15:48.3670638-03:00">
        <Text>Test host process exited unexpectedly.</Text>
      </RunInfo>
    </RunInfos>
  </ResultSummary>
  <TestDefinitions>
    <UnitTest name="testSendMessageWithoutConnectionReturnException" storage="c:\dados\rmmsoftware\clientes\bioforlife\documento integração otis\exemplos\updintegration\updintegration_unittest\bin\release\udpintegration_unittest.dll" id="e8bfa6bf-9df6-c082-0d90-44c01df1ef03">
      <Execution id="5a808d7e-ee82-490d-a907-d57b9a3aefc1" />
      <TestMethod codeBase="C:/Dados/RMMSoftware/Clientes/BioForLife/Documento integração Otis/Exemplos/UPDIntegration/UPDIntegration_UnitTest/bin/Release/UDPIntegration_UnitTest.DLL" adapterTypeName="Microsoft.VisualStudio.TestTools.TestTypes.Unit.UnitTestAdapter, Microsoft.VisualStudio.QualityTools.Tips.UnitTest.Adapter, Version=10.0.0.0, Culture=neutral, PublicKeyToken=b03f5f7f11d50a3a" className="UPDIntegration_UnitTest.UdpTest, UDPIntegration_UnitTest, Version=1.0.0.0, Culture=neutral, PublicKeyToken=null" name="testSendMessageWithoutConnectionReturnException" />
    </UnitTest>
  </TestDefinitions>
  <TestLists>
    <TestList name="Results Not in a List" id="8c84fa94-04c1-424b-9868-57a2d4851a1d" />
    <TestList name="All Loaded Results" id="19431567-8539-422a-85d7-44ee4e166bda" />
  </TestLists>
  <TestEntries>
    <TestEntry testId="e8bfa6bf-9df6-c082-0d90-44c01df1ef03" executionId="5a808d7e-ee82-490d-a907-d57b9a3aefc1" testListId="8c84fa94-04c1-424b-9868-57a2d4851a1d" />
  </TestEntries>
  <Results>
    <UnitTestResult executionId="5a808d7e-ee82-490d-a907-d57b9a3aefc1" testId="e8bfa6bf-9df6-c082-0d90-44c01df1ef03" testName="testSendMessageWithoutConnectionReturnException" computerName="RODRIGOCOMPUTER" duration="00:00:29.7307005" startTime="2013-05-31T11:15:18.6503641-03:00" endTime="2013-05-31T11:15:48.3810646-03:00" testType="13cdc9d9-ddb5-4fa4-a97d-d965ccfc6d4b" outcome="Aborted" testListId="8c84fa94-04c1-424b-9868-57a2d4851a1d" relativeResultsDirectory="5a808d7e-ee82-490d-a907-d57b9a3aefc1">
    </UnitTestResult>
  </Results>
</TestRun>